mode: set
github.com/jailtonjunior94/go-wallet/internal/usecase/createTransaction/create_transaction.go:23.116,28.2 1 1
github.com/jailtonjunior94/go-wallet/internal/usecase/createTransaction/create_transaction.go:30.110,32.16 2 1
github.com/jailtonjunior94/go-wallet/internal/usecase/createTransaction/create_transaction.go:36.2,37.16 2 1
github.com/jailtonjunior94/go-wallet/internal/usecase/createTransaction/create_transaction.go:41.2,42.16 2 1
github.com/jailtonjunior94/go-wallet/internal/usecase/createTransaction/create_transaction.go:46.2,47.16 2 1
github.com/jailtonjunior94/go-wallet/internal/usecase/createTransaction/create_transaction.go:51.2,51.58 1 1
github.com/jailtonjunior94/go-wallet/internal/usecase/createTransaction/create_transaction.go:32.16,34.3 1 0
github.com/jailtonjunior94/go-wallet/internal/usecase/createTransaction/create_transaction.go:37.16,39.3 1 0
github.com/jailtonjunior94/go-wallet/internal/usecase/createTransaction/create_transaction.go:42.16,44.3 1 0
github.com/jailtonjunior94/go-wallet/internal/usecase/createTransaction/create_transaction.go:47.16,49.3 1 0
github.com/jailtonjunior94/go-wallet/internal/usecase/createAccount/create_account.go:21.103,26.2 1 1
github.com/jailtonjunior94/go-wallet/internal/usecase/createAccount/create_account.go:28.104,30.16 2 1
github.com/jailtonjunior94/go-wallet/internal/usecase/createAccount/create_account.go:34.2,35.16 2 1
github.com/jailtonjunior94/go-wallet/internal/usecase/createAccount/create_account.go:39.2,40.16 2 1
github.com/jailtonjunior94/go-wallet/internal/usecase/createAccount/create_account.go:44.2,44.53 1 1
github.com/jailtonjunior94/go-wallet/internal/usecase/createAccount/create_account.go:30.16,32.3 1 0
github.com/jailtonjunior94/go-wallet/internal/usecase/createAccount/create_account.go:35.16,37.3 1 0
github.com/jailtonjunior94/go-wallet/internal/usecase/createAccount/create_account.go:40.16,42.3 1 0
github.com/jailtonjunior94/go-wallet/internal/usecase/createCliente/create_client.go:27.87,31.2 1 1
github.com/jailtonjunior94/go-wallet/internal/usecase/createCliente/create_client.go:33.101,35.16 2 1
github.com/jailtonjunior94/go-wallet/internal/usecase/createCliente/create_client.go:39.2,40.16 2 1
github.com/jailtonjunior94/go-wallet/internal/usecase/createCliente/create_client.go:44.2,50.8 1 1
github.com/jailtonjunior94/go-wallet/internal/usecase/createCliente/create_client.go:35.16,37.3 1 0
github.com/jailtonjunior94/go-wallet/internal/usecase/createCliente/create_client.go:40.16,42.3 1 0
github.com/jailtonjunior94/go-wallet/internal/entity/account.go:22.51,23.19 1 1
github.com/jailtonjunior94/go-wallet/internal/entity/account.go:27.2,35.21 2 1
github.com/jailtonjunior94/go-wallet/internal/entity/account.go:23.19,25.3 1 1
github.com/jailtonjunior94/go-wallet/internal/entity/account.go:38.42,41.2 2 1
github.com/jailtonjunior94/go-wallet/internal/entity/account.go:43.41,46.2 2 1
github.com/jailtonjunior94/go-wallet/internal/entity/client.go:25.53,35.16 3 1
github.com/jailtonjunior94/go-wallet/internal/entity/client.go:38.2,38.20 1 1
github.com/jailtonjunior94/go-wallet/internal/entity/client.go:35.16,37.3 1 1
github.com/jailtonjunior94/go-wallet/internal/entity/client.go:41.35,42.18 1 1
github.com/jailtonjunior94/go-wallet/internal/entity/client.go:46.2,46.19 1 1
github.com/jailtonjunior94/go-wallet/internal/entity/client.go:49.2,49.12 1 1
github.com/jailtonjunior94/go-wallet/internal/entity/client.go:42.18,44.3 1 1
github.com/jailtonjunior94/go-wallet/internal/entity/client.go:46.19,48.3 1 0
github.com/jailtonjunior94/go-wallet/internal/entity/client.go:52.51,58.16 5 1
github.com/jailtonjunior94/go-wallet/internal/entity/client.go:61.2,61.12 1 1
github.com/jailtonjunior94/go-wallet/internal/entity/client.go:58.16,60.3 1 1
github.com/jailtonjunior94/go-wallet/internal/entity/client.go:64.53,65.31 1 1
github.com/jailtonjunior94/go-wallet/internal/entity/client.go:69.2,70.12 2 1
github.com/jailtonjunior94/go-wallet/internal/entity/client.go:65.31,67.3 1 0
github.com/jailtonjunior94/go-wallet/internal/entity/transaction.go:23.92,32.47 2 1
github.com/jailtonjunior94/go-wallet/internal/entity/transaction.go:36.2,37.25 2 1
github.com/jailtonjunior94/go-wallet/internal/entity/transaction.go:32.47,34.3 1 1
github.com/jailtonjunior94/go-wallet/internal/entity/transaction.go:40.40,41.19 1 1
github.com/jailtonjunior94/go-wallet/internal/entity/transaction.go:45.2,45.38 1 1
github.com/jailtonjunior94/go-wallet/internal/entity/transaction.go:49.2,49.12 1 1
github.com/jailtonjunior94/go-wallet/internal/entity/transaction.go:41.19,43.3 1 0
github.com/jailtonjunior94/go-wallet/internal/entity/transaction.go:45.38,47.3 1 1
github.com/jailtonjunior94/go-wallet/internal/entity/transaction.go:52.34,55.2 2 1
github.com/jailtonjunior94/go-wallet/internal/database/account_db.go:13.42,17.2 1 1
github.com/jailtonjunior94/go-wallet/internal/database/account_db.go:19.66,25.16 5 1
github.com/jailtonjunior94/go-wallet/internal/database/account_db.go:28.2,31.164 3 1
github.com/jailtonjunior94/go-wallet/internal/database/account_db.go:35.2,35.22 1 1
github.com/jailtonjunior94/go-wallet/internal/database/account_db.go:25.16,27.3 1 0
github.com/jailtonjunior94/go-wallet/internal/database/account_db.go:31.164,33.3 1 0
github.com/jailtonjunior94/go-wallet/internal/database/account_db.go:38.57,40.16 2 1
github.com/jailtonjunior94/go-wallet/internal/database/account_db.go:43.2,46.16 3 1
github.com/jailtonjunior94/go-wallet/internal/database/account_db.go:50.2,50.12 1 1
github.com/jailtonjunior94/go-wallet/internal/database/account_db.go:40.16,42.3 1 0
github.com/jailtonjunior94/go-wallet/internal/database/account_db.go:46.16,48.3 1 0
github.com/jailtonjunior94/go-wallet/internal/database/client_db.go:13.40,17.2 1 1
github.com/jailtonjunior94/go-wallet/internal/database/client_db.go:19.59,23.16 3 1
github.com/jailtonjunior94/go-wallet/internal/database/client_db.go:26.2,29.93 3 1
github.com/jailtonjunior94/go-wallet/internal/database/client_db.go:33.2,33.20 1 1
github.com/jailtonjunior94/go-wallet/internal/database/client_db.go:23.16,25.3 1 0
github.com/jailtonjunior94/go-wallet/internal/database/client_db.go:29.93,31.3 1 0
github.com/jailtonjunior94/go-wallet/internal/database/client_db.go:36.54,38.16 2 1
github.com/jailtonjunior94/go-wallet/internal/database/client_db.go:41.2,44.16 3 1
github.com/jailtonjunior94/go-wallet/internal/database/client_db.go:48.2,48.12 1 1
github.com/jailtonjunior94/go-wallet/internal/database/client_db.go:38.16,40.3 1 0
github.com/jailtonjunior94/go-wallet/internal/database/client_db.go:44.16,46.3 1 0
github.com/jailtonjunior94/go-wallet/internal/database/transaction_db.go:13.50,17.2 1 1
github.com/jailtonjunior94/go-wallet/internal/database/transaction_db.go:19.71,21.16 2 1
github.com/jailtonjunior94/go-wallet/internal/database/transaction_db.go:24.2,27.16 3 1
github.com/jailtonjunior94/go-wallet/internal/database/transaction_db.go:31.2,31.12 1 1
github.com/jailtonjunior94/go-wallet/internal/database/transaction_db.go:21.16,23.3 1 0
github.com/jailtonjunior94/go-wallet/internal/database/transaction_db.go:27.16,29.3 1 0
